// Jest Snapshot v1, https://goo.gl/fbAQLP

exports[`ListRow renders correctly 1`] = `
<View
  accessible={true}
  focusable={true}
  onClick={[Function]}
  onResponderGrant={[Function]}
  onResponderMove={[Function]}
  onResponderRelease={[Function]}
  onResponderTerminate={[Function]}
  onResponderTerminationRequest={[Function]}
  onStartShouldSetResponder={[Function]}
  style={
    Object {
      "backgroundColor": "#444",
      "borderRadius": 3,
      "borderWidth": 1,
      "marginTop": 10,
      "opacity": 1,
      "padding": 15,
      "shadowColor": "#000",
      "shadowOffset": Object {
        "height": 2,
        "width": 0,
      },
      "shadowOpacity": 0.25,
      "shadowRadius": 3,
    }
  }
  testID="listButton:Test list title"
>
  <Text
    style={
      Object {
        "color": "#EEE",
      }
    }
  >
    Test list title
  </Text>
</View>
`;
