// Jest Snapshot v1, https://goo.gl/fbAQLP

exports[`ListItemRow renders correctly 1`] = `
<View
  style={
    Object {
      "alignItems": "center",
      "flexDirection": "row",
    }
  }
>
  <TextInput
    allowFontScaling={true}
    onChangeText={[Function]}
    onSubmitEditing={[Function]}
    placeholder="Enter new item text here"
    rejectResponderTermination={true}
    style={
      Object {
        "borderWidth": 1,
        "color": "black",
        "flex": 4,
        "padding": 5,
      }
    }
    testID="newItemTextInput"
    underlineColorAndroid="transparent"
    value="Test new item"
  />
  <View
    accessible={true}
    focusable={true}
    isTVSelectable={true}
    onClick={[Function]}
    onResponderGrant={[Function]}
    onResponderMove={[Function]}
    onResponderRelease={[Function]}
    onResponderTerminate={[Function]}
    onResponderTerminationRequest={[Function]}
    onStartShouldSetResponder={[Function]}
    style={
      Object {
        "flex": 1,
        "flexDirection": "row",
        "justifyContent": "center",
        "opacity": 1,
        "paddingBottom": 5,
        "paddingTop": 5,
      }
    }
    testID="newItemButton"
  >
    <Text>
      create
    </Text>
  </View>
</View>
`;
